--------------------------------------------------------------------------------
Release 14.7 Trace  (nt64)
Copyright (c) 1995-2013 Xilinx, Inc.  All rights reserved.

C:\Xilinx\14.7\ISE_DS\ISE\bin\nt64\unwrapped\trce.exe -intstyle ise -v 3 -s 2
-n 3 -fastpaths -xml MultiArbiter.twx MultiArbiter.ncd -o MultiArbiter.twr
MultiArbiter.pcf -ucf constraints.ucf

Design file:              MultiArbiter.ncd
Physical constraint file: MultiArbiter.pcf
Device,package,speed:     xc6slx9,csg324,C,-2 (PRODUCTION 1.23 2013-10-13)
Report level:             verbose report

Environment Variable      Effect 
--------------------      ------ 
NONE                      No environment variables were set
--------------------------------------------------------------------------------

INFO:Timing:2698 - No timing constraints found, doing default enumeration.
INFO:Timing:3412 - To improve timing, see the Timing Closure User Guide (UG612).
INFO:Timing:2752 - To get complete path coverage, use the unconstrained paths 
   option. All paths that are not constrained will be reported in the 
   unconstrained paths section(s) of the report.
INFO:Timing:3339 - The clock-to-out numbers in this timing report are based on 
   a 50 Ohm transmission line loading model.  For the details of this model, 
   and for more information on accounting for different loading conditions, 
   please see the device datasheet.



Data Sheet report:
-----------------
All values displayed in nanoseconds (ns)

Clock DIP1 to Pad
------------+-----------------+------------+-----------------+------------+------------------+--------+
            |Max (slowest) clk|  Process   |Min (fastest) clk|  Process   |                  | Clock  |
Destination |  (edge) to PAD  |   Corner   |  (edge) to PAD  |   Corner   |Internal Clock(s) | Phase  |
------------+-----------------+------------+-----------------+------------+------------------+--------+
LED1        |       142.603(R)|      SLOW  |        12.628(R)|      FAST  |outDo9            |   0.000|
LED2        |       143.434(R)|      SLOW  |        13.019(R)|      FAST  |outDo9            |   0.000|
------------+-----------------+------------+-----------------+------------+------------------+--------+

Clock DIP2 to Pad
------------+-----------------+------------+-----------------+------------+------------------+--------+
            |Max (slowest) clk|  Process   |Min (fastest) clk|  Process   |                  | Clock  |
Destination |  (edge) to PAD  |   Corner   |  (edge) to PAD  |   Corner   |Internal Clock(s) | Phase  |
------------+-----------------+------------+-----------------+------------+------------------+--------+
LED1        |       139.434(R)|      SLOW  |        11.660(R)|      FAST  |outDo9            |   0.000|
LED2        |       140.265(R)|      SLOW  |        12.051(R)|      FAST  |outDo9            |   0.000|
------------+-----------------+------------+-----------------+------------+------------------+--------+

Clock DIP3 to Pad
------------+-----------------+------------+-----------------+------------+------------------+--------+
            |Max (slowest) clk|  Process   |Min (fastest) clk|  Process   |                  | Clock  |
Destination |  (edge) to PAD  |   Corner   |  (edge) to PAD  |   Corner   |Internal Clock(s) | Phase  |
------------+-----------------+------------+-----------------+------------+------------------+--------+
LED1        |       137.460(R)|      SLOW  |        11.244(R)|      FAST  |outDo9            |   0.000|
LED2        |       138.291(R)|      SLOW  |        11.635(R)|      FAST  |outDo9            |   0.000|
------------+-----------------+------------+-----------------+------------+------------------+--------+

Clock DIP4 to Pad
------------+-----------------+------------+-----------------+------------+------------------+--------+
            |Max (slowest) clk|  Process   |Min (fastest) clk|  Process   |                  | Clock  |
Destination |  (edge) to PAD  |   Corner   |  (edge) to PAD  |   Corner   |Internal Clock(s) | Phase  |
------------+-----------------+------------+-----------------+------------+------------------+--------+
LED1        |       135.599(R)|      SLOW  |        10.922(R)|      FAST  |outDo9            |   0.000|
LED2        |       136.430(R)|      SLOW  |        11.313(R)|      FAST  |outDo9            |   0.000|
------------+-----------------+------------+-----------------+------------+------------------+--------+

Clock DIP5 to Pad
------------+-----------------+------------+-----------------+------------+------------------+--------+
            |Max (slowest) clk|  Process   |Min (fastest) clk|  Process   |                  | Clock  |
Destination |  (edge) to PAD  |   Corner   |  (edge) to PAD  |   Corner   |Internal Clock(s) | Phase  |
------------+-----------------+------------+-----------------+------------+------------------+--------+
LED1        |       133.985(R)|      SLOW  |         9.390(R)|      FAST  |outDo9            |   0.000|
LED2        |       134.816(R)|      SLOW  |         9.781(R)|      FAST  |outDo9            |   0.000|
------------+-----------------+------------+-----------------+------------+------------------+--------+

Clock DIP6 to Pad
------------+-----------------+------------+-----------------+------------+------------------+--------+
            |Max (slowest) clk|  Process   |Min (fastest) clk|  Process   |                  | Clock  |
Destination |  (edge) to PAD  |   Corner   |  (edge) to PAD  |   Corner   |Internal Clock(s) | Phase  |
------------+-----------------+------------+-----------------+------------+------------------+--------+
LED1        |       132.830(R)|      SLOW  |         8.864(R)|      FAST  |outDo9            |   0.000|
LED2        |       133.661(R)|      SLOW  |         9.255(R)|      FAST  |outDo9            |   0.000|
------------+-----------------+------------+-----------------+------------+------------------+--------+

Clock DIP7 to Pad
------------+-----------------+------------+-----------------+------------+------------------+--------+
            |Max (slowest) clk|  Process   |Min (fastest) clk|  Process   |                  | Clock  |
Destination |  (edge) to PAD  |   Corner   |  (edge) to PAD  |   Corner   |Internal Clock(s) | Phase  |
------------+-----------------+------------+-----------------+------------+------------------+--------+
LED1        |       129.689(R)|      SLOW  |         8.239(R)|      FAST  |outDo9            |   0.000|
LED2        |       130.520(R)|      SLOW  |         8.630(R)|      FAST  |outDo9            |   0.000|
------------+-----------------+------------+-----------------+------------+------------------+--------+

Clock DIP8 to Pad
------------+-----------------+------------+-----------------+------------+------------------+--------+
            |Max (slowest) clk|  Process   |Min (fastest) clk|  Process   |                  | Clock  |
Destination |  (edge) to PAD  |   Corner   |  (edge) to PAD  |   Corner   |Internal Clock(s) | Phase  |
------------+-----------------+------------+-----------------+------------+------------------+--------+
LED1        |       128.489(R)|      SLOW  |        13.122(R)|      FAST  |outDo9            |   0.000|
LED2        |       129.320(R)|      SLOW  |        13.513(R)|      FAST  |outDo9            |   0.000|
------------+-----------------+------------+-----------------+------------+------------------+--------+

Clock SWITCH1 to Pad
------------+-----------------+------------+-----------------+------------+------------------+--------+
            |Max (slowest) clk|  Process   |Min (fastest) clk|  Process   |                  | Clock  |
Destination |  (edge) to PAD  |   Corner   |  (edge) to PAD  |   Corner   |Internal Clock(s) | Phase  |
------------+-----------------+------------+-----------------+------------+------------------+--------+
LED1        |       139.267(R)|      SLOW  |        52.365(R)|      FAST  |outDo9            |   0.000|
LED2        |       140.098(R)|      SLOW  |        52.756(R)|      FAST  |outDo9            |   0.000|
------------+-----------------+------------+-----------------+------------+------------------+--------+

Clock SWITCH2 to Pad
------------+-----------------+------------+-----------------+------------+------------------+--------+
            |Max (slowest) clk|  Process   |Min (fastest) clk|  Process   |                  | Clock  |
Destination |  (edge) to PAD  |   Corner   |  (edge) to PAD  |   Corner   |Internal Clock(s) | Phase  |
------------+-----------------+------------+-----------------+------------+------------------+--------+
LED1        |        12.808(R)|      SLOW  |         5.717(R)|      FAST  |outDo9            |   0.000|
LED2        |        13.639(R)|      SLOW  |         6.108(R)|      FAST  |outDo9            |   0.000|
------------+-----------------+------------+-----------------+------------+------------------+--------+

Clock to Setup on destination clock DIP1
---------------+---------+---------+---------+---------+
               | Src:Rise| Src:Fall| Src:Rise| Src:Fall|
Source Clock   |Dest:Rise|Dest:Rise|Dest:Fall|Dest:Fall|
---------------+---------+---------+---------+---------+
DIP1           |  118.674|  118.674|         |         |
DIP2           |  115.505|  115.505|         |         |
DIP3           |  113.531|  113.531|         |         |
DIP4           |  111.670|  111.670|         |         |
DIP5           |  110.056|  110.056|         |         |
DIP6           |  108.901|  108.901|         |         |
DIP7           |  105.760|  105.760|         |         |
DIP8           |  104.560|  104.560|         |         |
SWITCH1        |  115.338|  115.338|         |         |
SWITCH2        |   -6.145|   -6.145|         |         |
---------------+---------+---------+---------+---------+

Clock to Setup on destination clock DIP2
---------------+---------+---------+---------+---------+
               | Src:Rise| Src:Fall| Src:Rise| Src:Fall|
Source Clock   |Dest:Rise|Dest:Rise|Dest:Fall|Dest:Fall|
---------------+---------+---------+---------+---------+
DIP1           |  120.623|  120.623|         |         |
DIP2           |  117.454|  117.454|         |         |
DIP3           |  115.480|  115.480|         |         |
DIP4           |  113.619|  113.619|         |         |
DIP5           |  112.005|  112.005|         |         |
DIP6           |  110.850|  110.850|         |         |
DIP7           |  107.709|  107.709|         |         |
DIP8           |  106.509|  106.509|         |         |
SWITCH1        |  117.287|  117.287|         |         |
SWITCH2        |   -5.177|   -5.177|         |         |
---------------+---------+---------+---------+---------+

Clock to Setup on destination clock DIP3
---------------+---------+---------+---------+---------+
               | Src:Rise| Src:Fall| Src:Rise| Src:Fall|
Source Clock   |Dest:Rise|Dest:Rise|Dest:Fall|Dest:Fall|
---------------+---------+---------+---------+---------+
DIP1           |  121.388|  121.388|         |         |
DIP2           |  118.219|  118.219|         |         |
DIP3           |  116.245|  116.245|         |         |
DIP4           |  114.384|  114.384|         |         |
DIP5           |  112.770|  112.770|         |         |
DIP6           |  111.615|  111.615|         |         |
DIP7           |  108.474|  108.474|         |         |
DIP8           |  107.274|  107.274|         |         |
SWITCH1        |  118.052|  118.052|         |         |
SWITCH2        |   -4.761|   -4.761|         |         |
---------------+---------+---------+---------+---------+

Clock to Setup on destination clock DIP4
---------------+---------+---------+---------+---------+
               | Src:Rise| Src:Fall| Src:Rise| Src:Fall|
Source Clock   |Dest:Rise|Dest:Rise|Dest:Fall|Dest:Fall|
---------------+---------+---------+---------+---------+
DIP1           |  121.995|  121.995|         |         |
DIP2           |  118.826|  118.826|         |         |
DIP3           |  116.852|  116.852|         |         |
DIP4           |  114.991|  114.991|         |         |
DIP5           |  113.377|  113.377|         |         |
DIP6           |  112.222|  112.222|         |         |
DIP7           |  109.081|  109.081|         |         |
DIP8           |  107.881|  107.881|         |         |
SWITCH1        |  118.659|  118.659|         |         |
SWITCH2        |   -4.439|   -4.439|         |         |
---------------+---------+---------+---------+---------+

Clock to Setup on destination clock DIP5
---------------+---------+---------+---------+---------+
               | Src:Rise| Src:Fall| Src:Rise| Src:Fall|
Source Clock   |Dest:Rise|Dest:Rise|Dest:Fall|Dest:Fall|
---------------+---------+---------+---------+---------+
DIP1           |  124.746|  124.746|         |         |
DIP2           |  121.577|  121.577|         |         |
DIP3           |  119.603|  119.603|         |         |
DIP4           |  117.742|  117.742|         |         |
DIP5           |  116.128|  116.128|         |         |
DIP6           |  114.973|  114.973|         |         |
DIP7           |  111.832|  111.832|         |         |
DIP8           |  110.632|  110.632|         |         |
SWITCH1        |  121.410|  121.410|         |         |
SWITCH2        |   -2.907|   -2.907|         |         |
---------------+---------+---------+---------+---------+

Clock to Setup on destination clock DIP6
---------------+---------+---------+---------+---------+
               | Src:Rise| Src:Fall| Src:Rise| Src:Fall|
Source Clock   |Dest:Rise|Dest:Rise|Dest:Fall|Dest:Fall|
---------------+---------+---------+---------+---------+
DIP1           |  125.768|  125.768|         |         |
DIP2           |  122.599|  122.599|         |         |
DIP3           |  120.625|  120.625|         |         |
DIP4           |  118.764|  118.764|         |         |
DIP5           |  117.150|  117.150|         |         |
DIP6           |  115.995|  115.995|         |         |
DIP7           |  112.854|  112.854|         |         |
DIP8           |  111.654|  111.654|         |         |
SWITCH1        |  122.432|  122.432|         |         |
SWITCH2        |   -2.381|   -2.381|         |         |
---------------+---------+---------+---------+---------+

Clock to Setup on destination clock DIP7
---------------+---------+---------+---------+---------+
               | Src:Rise| Src:Fall| Src:Rise| Src:Fall|
Source Clock   |Dest:Rise|Dest:Rise|Dest:Fall|Dest:Fall|
---------------+---------+---------+---------+---------+
DIP1           |  127.051|  127.051|         |         |
DIP2           |  123.882|  123.882|         |         |
DIP3           |  121.908|  121.908|         |         |
DIP4           |  120.047|  120.047|         |         |
DIP5           |  118.433|  118.433|         |         |
DIP6           |  117.278|  117.278|         |         |
DIP7           |  114.137|  114.137|         |         |
DIP8           |  112.937|  112.937|         |         |
SWITCH1        |  123.715|  123.715|         |         |
SWITCH2        |   -1.756|   -1.756|         |         |
---------------+---------+---------+---------+---------+

Clock to Setup on destination clock DIP8
---------------+---------+---------+---------+---------+
               | Src:Rise| Src:Fall| Src:Rise| Src:Fall|
Source Clock   |Dest:Rise|Dest:Rise|Dest:Fall|Dest:Fall|
---------------+---------+---------+---------+---------+
DIP1           |  117.761|  117.761|         |         |
DIP2           |  114.592|  114.592|         |         |
DIP3           |  112.618|  112.618|         |         |
DIP4           |  110.757|  110.757|         |         |
DIP5           |  109.143|  109.143|         |         |
DIP6           |  107.988|  107.988|         |         |
DIP7           |  104.847|  104.847|         |         |
DIP8           |  103.647|  103.647|         |         |
SWITCH1        |  114.425|  114.425|         |         |
SWITCH2        |   -6.639|   -6.639|         |         |
---------------+---------+---------+---------+---------+

Clock to Setup on destination clock SWITCH1
---------------+---------+---------+---------+---------+
               | Src:Rise| Src:Fall| Src:Rise| Src:Fall|
Source Clock   |Dest:Rise|Dest:Rise|Dest:Fall|Dest:Fall|
---------------+---------+---------+---------+---------+
DIP1           |   42.232|   42.232|         |         |
DIP2           |   39.063|   39.063|         |         |
DIP3           |   37.089|   37.089|         |         |
DIP4           |   35.228|   35.228|         |         |
DIP5           |   33.614|   33.614|         |         |
DIP6           |   32.459|   32.459|         |         |
DIP7           |   29.318|   29.318|         |         |
DIP8           |   28.118|   28.118|         |         |
SWITCH1        |   38.896|   38.896|         |         |
SWITCH2        |  -45.882|  -45.882|         |         |
---------------+---------+---------+---------+---------+

Clock to Setup on destination clock SWITCH2
---------------+---------+---------+---------+---------+
               | Src:Rise| Src:Fall| Src:Rise| Src:Fall|
Source Clock   |Dest:Rise|Dest:Rise|Dest:Fall|Dest:Fall|
---------------+---------+---------+---------+---------+
DIP1           |  131.315|  131.315|         |         |
DIP2           |  128.146|  128.146|         |         |
DIP3           |  126.172|  126.172|         |         |
DIP4           |  124.311|  124.311|         |         |
DIP5           |  122.697|  122.697|         |         |
DIP6           |  121.542|  121.542|         |         |
DIP7           |  118.401|  118.401|         |         |
DIP8           |  117.201|  117.201|         |         |
SWITCH1        |  127.979|  127.979|         |         |
SWITCH2        |    1.405|    1.405|         |         |
---------------+---------+---------+---------+---------+


Analysis completed Thu Mar 10 12:44:28 2016 
--------------------------------------------------------------------------------

Trace Settings:
-------------------------
Trace Settings 

Peak Memory Usage: 236 MB



